TableSchema	TableName	ColumnName	ParentTableName	ChildTableName	ConstraintName	ParentColumnName	ChildColumnName
dbo	AuditLog	ProjectID					
dbo	AuditLog	RecordID					
dbo	FundingSourceCustomAttributeType	IncludeInFundingSourceGrid					
dbo	ProjectCustomAttributeType	IncludeInProjectGrid					
HangFire	AggregatedCounter	Id					
HangFire	Counter	Id					
HangFire	Hash	Id					
HangFire	Job	Id					
HangFire	Job	StateId					
HangFire	JobParameter	Id					
HangFire	JobQueue	Id					
HangFire	JobQueue	JobId					
HangFire	List	Id					
HangFire	Server	Id					
HangFire	Set	Id					
HangFire	State	Id					