DatabaseName	SchemaName	TableName	ConstraintName	IdealNewConstraintName	QueryToRenameConstraint