{
  "type": "FeatureCollection",
  "features": [
    {
      "type": "Feature",
      "geometry": {
        "type": "Point",
        "coordinates": [
          30.0,
          10.0
        ]
      },
      "properties": {
        "name": "Test Point"
      }
    },
    {
      "type": "Feature",
      "geometry": {
        "type": "MultiPoint",
        "coordinates": [
          [
            10.0,
            40.0
          ],
          [
            40.0,
            30.0
          ],
          [
            20.0,
            20.0
          ],
          [
            30.0,
            10.0
          ]
        ]
      },
      "properties": {
        "name": "Test MultiPoint"
      }
    },
    {
      "type": "Feature",
      "geometry": {
        "type": "Polygon",
        "coordinates": [
          [
            [
              30.0,
              10.0
            ],
            [
              10.0,
              20.0
            ],
            [
              20.0,
              40.0
            ],
            [
              40.0,
              40.0
            ],
            [
              30.0,
              10.0
            ]
          ]
        ]
      },
      "properties": {
        "name": "Test Polygon"
      }
    },
    {
      "type": "Feature",
      "geometry": {
        "type": "MultiPolygon",
        "coordinates": [
          [
            [
              [
                40.0,
                40.0
              ],
              [
                20.0,
                45.0
              ],
              [
                45.0,
                30.0
              ],
              [
                40.0,
                40.0
              ]
            ]
          ],
          [
            [
              [
                20.0,
                35.0
              ],
              [
                10.0,
                30.0
              ],
              [
                10.0,
                10.0
              ],
              [
                30.0,
                5.0
              ],
              [
                45.0,
                20.0
              ],
              [
                20.0,
                35.0
              ]
            ],
            [
              [
                30.0,
                20.0
              ],
              [
                20.0,
                15.0
              ],
              [
                20.0,
                25.0
              ],
              [
                30.0,
                20.0
              ]
            ]
          ]
        ]
      },
      "properties": {
        "name": "Test MultiPolygon"
      }
    },
    {
      "type": "Feature",
      "geometry": {
        "type": "LineString",
        "coordinates": [
          [
            30.0,
            10.0
          ],
          [
            10.0,
            30.0
          ],
          [
            40.0,
            40.0
          ]
        ]
      },
      "properties": {
        "name": "Test LineString"
      }
    },
    {
      "type": "Feature",
      "geometry": {
        "type": "MultiLineString",
        "coordinates": [
          [
            [
              10.0,
              10.0
            ],
            [
              20.0,
              20.0
            ],
            [
              10.0,
              40.0
            ]
          ],
          [
            [
              40.0,
              40.0
            ],
            [
              30.0,
              30.0
            ],
            [
              40.0,
              20.0
            ],
            [
              30.0,
              10.0
            ]
          ]
        ]
      },
      "properties": {
        "name": "Test MultiLineString"
      }
    }
  ]
}