Could Not find Firma Page Type 'HomePage'(1) in Firma Pages for Tenant ClackamasPartnership(2)
Could Not find Firma Page Type 'DemoScript'(4) in Firma Pages for Tenant ClackamasPartnership(2)
Could Not find Firma Page Type 'InternalSetupNotes'(5) in Firma Pages for Tenant ClackamasPartnership(2)
Could Not find Firma Page Type 'FullProjectList'(6) in Firma Pages for Tenant ClackamasPartnership(2)
Could Not find Firma Page Type 'PerformanceMeasuresList'(9) in Firma Pages for Tenant ClackamasPartnership(2)
Could Not find Firma Page Type 'TaxonomyLeafList'(11) in Firma Pages for Tenant ClackamasPartnership(2)
Could Not find Firma Page Type 'TaxonomyBranchList'(13) in Firma Pages for Tenant ClackamasPartnership(2)
Could Not find Firma Page Type 'TaxonomyTrunkList'(14) in Firma Pages for Tenant ClackamasPartnership(2)
Could Not find Firma Page Type 'FundingSourcesList'(15) in Firma Pages for Tenant ClackamasPartnership(2)
Could Not find Firma Page Type 'OrganizationsList'(16) in Firma Pages for Tenant ClackamasPartnership(2)
Could Not find Firma Page Type 'MyProjects'(18) in Firma Pages for Tenant ClackamasPartnership(2)
Could Not find Firma Page Type 'ProjectResults'(20) in Firma Pages for Tenant ClackamasPartnership(2)
Could Not find Firma Page Type 'ProjectMap'(22) in Firma Pages for Tenant ClackamasPartnership(2)
Could Not find Firma Page Type 'HomeMapInfo'(24) in Firma Pages for Tenant ClackamasPartnership(2)
Could Not find Firma Page Type 'HomeAdditionalInfo'(25) in Firma Pages for Tenant ClackamasPartnership(2)
Could Not find Firma Page Type 'FeaturedProjectList'(26) in Firma Pages for Tenant ClackamasPartnership(2)
Could Not find Firma Page Type 'CostParameterSet'(31) in Firma Pages for Tenant ClackamasPartnership(2)
Could Not find Firma Page Type 'FullProjectListSimple'(33) in Firma Pages for Tenant ClackamasPartnership(2)
Could Not find Firma Page Type 'Taxonomy'(34) in Firma Pages for Tenant ClackamasPartnership(2)
Could Not find Firma Page Type 'TagList'(36) in Firma Pages for Tenant ClackamasPartnership(2)
Could Not find Firma Page Type 'SpendingByPerformanceMeasureByProject'(37) in Firma Pages for Tenant ClackamasPartnership(2)
Could Not find Firma Page Type 'Proposals'(38) in Firma Pages for Tenant ClackamasPartnership(2)
Could Not find Firma Page Type 'MyOrganizationsProjects'(39) in Firma Pages for Tenant ClackamasPartnership(2)
Could Not find Firma Page Type 'ManageUpdateNotifications'(41) in Firma Pages for Tenant ClackamasPartnership(2)
Could Not find Firma Page Type 'ProposeProjectInstructions'(45) in Firma Pages for Tenant ClackamasPartnership(2)
Could Not find Firma Page Type 'ProjectStewardOrganizationList'(46) in Firma Pages for Tenant ClackamasPartnership(2)
Could Not find Firma Page Type 'EnterHistoricProjectInstructions'(47) in Firma Pages for Tenant ClackamasPartnership(2)
Could Not find Firma Page Type 'PendingProjects'(48) in Firma Pages for Tenant ClackamasPartnership(2)
Could Not find Firma Page Type 'Training'(49) in Firma Pages for Tenant ClackamasPartnership(2)
Could Not find Firma Page Type 'ProjectCreateImportExternal'(50) in Firma Pages for Tenant ClackamasPartnership(2)
Could Not find Firma Page Type 'CustomFooter'(51) in Firma Pages for Tenant ClackamasPartnership(2)
Could Not find Firma Page Type 'ManageProjectCustomAttributeTypeInstructions'(52) in Firma Pages for Tenant ClackamasPartnership(2)
Could Not find Firma Page Type 'ManageProjectCustomAttributeTypesList'(53) in Firma Pages for Tenant ClackamasPartnership(2)
Could Not find Firma Page Type 'FactSheetCustomText'(54) in Firma Pages for Tenant ClackamasPartnership(2)
Could Not find Firma Page Type 'UsersList'(55) in Firma Pages for Tenant ClackamasPartnership(2)
Could Not find Firma Page Type 'HomePage'(1) in Firma Pages for Tenant RCDProjectTracker(3)
Could Not find Firma Page Type 'DemoScript'(4) in Firma Pages for Tenant RCDProjectTracker(3)
Could Not find Firma Page Type 'InternalSetupNotes'(5) in Firma Pages for Tenant RCDProjectTracker(3)
Could Not find Firma Page Type 'FullProjectList'(6) in Firma Pages for Tenant RCDProjectTracker(3)
Could Not find Firma Page Type 'PerformanceMeasuresList'(9) in Firma Pages for Tenant RCDProjectTracker(3)
Could Not find Firma Page Type 'TaxonomyLeafList'(11) in Firma Pages for Tenant RCDProjectTracker(3)
Could Not find Firma Page Type 'TaxonomyBranchList'(13) in Firma Pages for Tenant RCDProjectTracker(3)
Could Not find Firma Page Type 'TaxonomyTrunkList'(14) in Firma Pages for Tenant RCDProjectTracker(3)
Could Not find Firma Page Type 'FundingSourcesList'(15) in Firma Pages for Tenant RCDProjectTracker(3)
Could Not find Firma Page Type 'OrganizationsList'(16) in Firma Pages for Tenant RCDProjectTracker(3)
Could Not find Firma Page Type 'MyProjects'(18) in Firma Pages for Tenant RCDProjectTracker(3)
Could Not find Firma Page Type 'ProjectResults'(20) in Firma Pages for Tenant RCDProjectTracker(3)
Could Not find Firma Page Type 'ProjectMap'(22) in Firma Pages for Tenant RCDProjectTracker(3)
Could Not find Firma Page Type 'HomeMapInfo'(24) in Firma Pages for Tenant RCDProjectTracker(3)
Could Not find Firma Page Type 'HomeAdditionalInfo'(25) in Firma Pages for Tenant RCDProjectTracker(3)
Could Not find Firma Page Type 'FeaturedProjectList'(26) in Firma Pages for Tenant RCDProjectTracker(3)
Could Not find Firma Page Type 'CostParameterSet'(31) in Firma Pages for Tenant RCDProjectTracker(3)
Could Not find Firma Page Type 'FullProjectListSimple'(33) in Firma Pages for Tenant RCDProjectTracker(3)
Could Not find Firma Page Type 'Taxonomy'(34) in Firma Pages for Tenant RCDProjectTracker(3)
Could Not find Firma Page Type 'TagList'(36) in Firma Pages for Tenant RCDProjectTracker(3)
Could Not find Firma Page Type 'SpendingByPerformanceMeasureByProject'(37) in Firma Pages for Tenant RCDProjectTracker(3)
Could Not find Firma Page Type 'Proposals'(38) in Firma Pages for Tenant RCDProjectTracker(3)
Could Not find Firma Page Type 'MyOrganizationsProjects'(39) in Firma Pages for Tenant RCDProjectTracker(3)
Could Not find Firma Page Type 'ManageUpdateNotifications'(41) in Firma Pages for Tenant RCDProjectTracker(3)
Could Not find Firma Page Type 'ProposeProjectInstructions'(45) in Firma Pages for Tenant RCDProjectTracker(3)
Could Not find Firma Page Type 'ProjectStewardOrganizationList'(46) in Firma Pages for Tenant RCDProjectTracker(3)
Could Not find Firma Page Type 'EnterHistoricProjectInstructions'(47) in Firma Pages for Tenant RCDProjectTracker(3)
Could Not find Firma Page Type 'PendingProjects'(48) in Firma Pages for Tenant RCDProjectTracker(3)
Could Not find Firma Page Type 'Training'(49) in Firma Pages for Tenant RCDProjectTracker(3)
Could Not find Firma Page Type 'ProjectCreateImportExternal'(50) in Firma Pages for Tenant RCDProjectTracker(3)
Could Not find Firma Page Type 'CustomFooter'(51) in Firma Pages for Tenant RCDProjectTracker(3)
Could Not find Firma Page Type 'ManageProjectCustomAttributeTypeInstructions'(52) in Firma Pages for Tenant RCDProjectTracker(3)
Could Not find Firma Page Type 'ManageProjectCustomAttributeTypesList'(53) in Firma Pages for Tenant RCDProjectTracker(3)
Could Not find Firma Page Type 'FactSheetCustomText'(54) in Firma Pages for Tenant RCDProjectTracker(3)
Could Not find Firma Page Type 'UsersList'(55) in Firma Pages for Tenant RCDProjectTracker(3)
Could Not find Firma Page Type 'HomePage'(1) in Firma Pages for Tenant InternationYearOfTheSalmon(4)
Could Not find Firma Page Type 'DemoScript'(4) in Firma Pages for Tenant InternationYearOfTheSalmon(4)
Could Not find Firma Page Type 'InternalSetupNotes'(5) in Firma Pages for Tenant InternationYearOfTheSalmon(4)
Could Not find Firma Page Type 'FullProjectList'(6) in Firma Pages for Tenant InternationYearOfTheSalmon(4)
Could Not find Firma Page Type 'PerformanceMeasuresList'(9) in Firma Pages for Tenant InternationYearOfTheSalmon(4)
Could Not find Firma Page Type 'TaxonomyLeafList'(11) in Firma Pages for Tenant InternationYearOfTheSalmon(4)
Could Not find Firma Page Type 'TaxonomyBranchList'(13) in Firma Pages for Tenant InternationYearOfTheSalmon(4)
Could Not find Firma Page Type 'TaxonomyTrunkList'(14) in Firma Pages for Tenant InternationYearOfTheSalmon(4)
Could Not find Firma Page Type 'FundingSourcesList'(15) in Firma Pages for Tenant InternationYearOfTheSalmon(4)
Could Not find Firma Page Type 'OrganizationsList'(16) in Firma Pages for Tenant InternationYearOfTheSalmon(4)
Could Not find Firma Page Type 'MyProjects'(18) in Firma Pages for Tenant InternationYearOfTheSalmon(4)
Could Not find Firma Page Type 'ProjectResults'(20) in Firma Pages for Tenant InternationYearOfTheSalmon(4)
Could Not find Firma Page Type 'ProjectMap'(22) in Firma Pages for Tenant InternationYearOfTheSalmon(4)
Could Not find Firma Page Type 'HomeMapInfo'(24) in Firma Pages for Tenant InternationYearOfTheSalmon(4)
Could Not find Firma Page Type 'HomeAdditionalInfo'(25) in Firma Pages for Tenant InternationYearOfTheSalmon(4)
Could Not find Firma Page Type 'FeaturedProjectList'(26) in Firma Pages for Tenant InternationYearOfTheSalmon(4)
Could Not find Firma Page Type 'CostParameterSet'(31) in Firma Pages for Tenant InternationYearOfTheSalmon(4)
Could Not find Firma Page Type 'FullProjectListSimple'(33) in Firma Pages for Tenant InternationYearOfTheSalmon(4)
Could Not find Firma Page Type 'Taxonomy'(34) in Firma Pages for Tenant InternationYearOfTheSalmon(4)
Could Not find Firma Page Type 'TagList'(36) in Firma Pages for Tenant InternationYearOfTheSalmon(4)
Could Not find Firma Page Type 'SpendingByPerformanceMeasureByProject'(37) in Firma Pages for Tenant InternationYearOfTheSalmon(4)
Could Not find Firma Page Type 'Proposals'(38) in Firma Pages for Tenant InternationYearOfTheSalmon(4)
Could Not find Firma Page Type 'MyOrganizationsProjects'(39) in Firma Pages for Tenant InternationYearOfTheSalmon(4)
Could Not find Firma Page Type 'ManageUpdateNotifications'(41) in Firma Pages for Tenant InternationYearOfTheSalmon(4)
Could Not find Firma Page Type 'ProposeProjectInstructions'(45) in Firma Pages for Tenant InternationYearOfTheSalmon(4)
Could Not find Firma Page Type 'ProjectStewardOrganizationList'(46) in Firma Pages for Tenant InternationYearOfTheSalmon(4)
Could Not find Firma Page Type 'EnterHistoricProjectInstructions'(47) in Firma Pages for Tenant InternationYearOfTheSalmon(4)
Could Not find Firma Page Type 'PendingProjects'(48) in Firma Pages for Tenant InternationYearOfTheSalmon(4)
Could Not find Firma Page Type 'Training'(49) in Firma Pages for Tenant InternationYearOfTheSalmon(4)
Could Not find Firma Page Type 'ProjectCreateImportExternal'(50) in Firma Pages for Tenant InternationYearOfTheSalmon(4)
Could Not find Firma Page Type 'CustomFooter'(51) in Firma Pages for Tenant InternationYearOfTheSalmon(4)
Could Not find Firma Page Type 'ManageProjectCustomAttributeTypeInstructions'(52) in Firma Pages for Tenant InternationYearOfTheSalmon(4)
Could Not find Firma Page Type 'ManageProjectCustomAttributeTypesList'(53) in Firma Pages for Tenant InternationYearOfTheSalmon(4)
Could Not find Firma Page Type 'FactSheetCustomText'(54) in Firma Pages for Tenant InternationYearOfTheSalmon(4)
Could Not find Firma Page Type 'UsersList'(55) in Firma Pages for Tenant InternationYearOfTheSalmon(4)
Could Not find Firma Page Type 'HomePage'(1) in Firma Pages for Tenant DemoProjectFirma(5)
Could Not find Firma Page Type 'DemoScript'(4) in Firma Pages for Tenant DemoProjectFirma(5)
Could Not find Firma Page Type 'InternalSetupNotes'(5) in Firma Pages for Tenant DemoProjectFirma(5)
Could Not find Firma Page Type 'FullProjectList'(6) in Firma Pages for Tenant DemoProjectFirma(5)
Could Not find Firma Page Type 'PerformanceMeasuresList'(9) in Firma Pages for Tenant DemoProjectFirma(5)
Could Not find Firma Page Type 'TaxonomyLeafList'(11) in Firma Pages for Tenant DemoProjectFirma(5)
Could Not find Firma Page Type 'TaxonomyBranchList'(13) in Firma Pages for Tenant DemoProjectFirma(5)
Could Not find Firma Page Type 'TaxonomyTrunkList'(14) in Firma Pages for Tenant DemoProjectFirma(5)
Could Not find Firma Page Type 'FundingSourcesList'(15) in Firma Pages for Tenant DemoProjectFirma(5)
Could Not find Firma Page Type 'OrganizationsList'(16) in Firma Pages for Tenant DemoProjectFirma(5)
Could Not find Firma Page Type 'MyProjects'(18) in Firma Pages for Tenant DemoProjectFirma(5)
Could Not find Firma Page Type 'ProjectResults'(20) in Firma Pages for Tenant DemoProjectFirma(5)
Could Not find Firma Page Type 'ProjectMap'(22) in Firma Pages for Tenant DemoProjectFirma(5)
Could Not find Firma Page Type 'HomeMapInfo'(24) in Firma Pages for Tenant DemoProjectFirma(5)
Could Not find Firma Page Type 'HomeAdditionalInfo'(25) in Firma Pages for Tenant DemoProjectFirma(5)
Could Not find Firma Page Type 'FeaturedProjectList'(26) in Firma Pages for Tenant DemoProjectFirma(5)
Could Not find Firma Page Type 'CostParameterSet'(31) in Firma Pages for Tenant DemoProjectFirma(5)
Could Not find Firma Page Type 'FullProjectListSimple'(33) in Firma Pages for Tenant DemoProjectFirma(5)
Could Not find Firma Page Type 'Taxonomy'(34) in Firma Pages for Tenant DemoProjectFirma(5)
Could Not find Firma Page Type 'TagList'(36) in Firma Pages for Tenant DemoProjectFirma(5)
Could Not find Firma Page Type 'SpendingByPerformanceMeasureByProject'(37) in Firma Pages for Tenant DemoProjectFirma(5)
Could Not find Firma Page Type 'Proposals'(38) in Firma Pages for Tenant DemoProjectFirma(5)
Could Not find Firma Page Type 'MyOrganizationsProjects'(39) in Firma Pages for Tenant DemoProjectFirma(5)
Could Not find Firma Page Type 'ManageUpdateNotifications'(41) in Firma Pages for Tenant DemoProjectFirma(5)
Could Not find Firma Page Type 'ProposeProjectInstructions'(45) in Firma Pages for Tenant DemoProjectFirma(5)
Could Not find Firma Page Type 'ProjectStewardOrganizationList'(46) in Firma Pages for Tenant DemoProjectFirma(5)
Could Not find Firma Page Type 'EnterHistoricProjectInstructions'(47) in Firma Pages for Tenant DemoProjectFirma(5)
Could Not find Firma Page Type 'PendingProjects'(48) in Firma Pages for Tenant DemoProjectFirma(5)
Could Not find Firma Page Type 'Training'(49) in Firma Pages for Tenant DemoProjectFirma(5)
Could Not find Firma Page Type 'ProjectCreateImportExternal'(50) in Firma Pages for Tenant DemoProjectFirma(5)
Could Not find Firma Page Type 'CustomFooter'(51) in Firma Pages for Tenant DemoProjectFirma(5)
Could Not find Firma Page Type 'ManageProjectCustomAttributeTypeInstructions'(52) in Firma Pages for Tenant DemoProjectFirma(5)
Could Not find Firma Page Type 'ManageProjectCustomAttributeTypesList'(53) in Firma Pages for Tenant DemoProjectFirma(5)
Could Not find Firma Page Type 'FactSheetCustomText'(54) in Firma Pages for Tenant DemoProjectFirma(5)
Could Not find Firma Page Type 'UsersList'(55) in Firma Pages for Tenant DemoProjectFirma(5)
Could Not find Firma Page Type 'HomePage'(1) in Firma Pages for Tenant PeaksToPeople(6)
Could Not find Firma Page Type 'DemoScript'(4) in Firma Pages for Tenant PeaksToPeople(6)
Could Not find Firma Page Type 'InternalSetupNotes'(5) in Firma Pages for Tenant PeaksToPeople(6)
Could Not find Firma Page Type 'FullProjectList'(6) in Firma Pages for Tenant PeaksToPeople(6)
Could Not find Firma Page Type 'PerformanceMeasuresList'(9) in Firma Pages for Tenant PeaksToPeople(6)
Could Not find Firma Page Type 'TaxonomyLeafList'(11) in Firma Pages for Tenant PeaksToPeople(6)
Could Not find Firma Page Type 'TaxonomyBranchList'(13) in Firma Pages for Tenant PeaksToPeople(6)
Could Not find Firma Page Type 'TaxonomyTrunkList'(14) in Firma Pages for Tenant PeaksToPeople(6)
Could Not find Firma Page Type 'FundingSourcesList'(15) in Firma Pages for Tenant PeaksToPeople(6)
Could Not find Firma Page Type 'OrganizationsList'(16) in Firma Pages for Tenant PeaksToPeople(6)
Could Not find Firma Page Type 'MyProjects'(18) in Firma Pages for Tenant PeaksToPeople(6)
Could Not find Firma Page Type 'ProjectResults'(20) in Firma Pages for Tenant PeaksToPeople(6)
Could Not find Firma Page Type 'ProjectMap'(22) in Firma Pages for Tenant PeaksToPeople(6)
Could Not find Firma Page Type 'HomeMapInfo'(24) in Firma Pages for Tenant PeaksToPeople(6)
Could Not find Firma Page Type 'HomeAdditionalInfo'(25) in Firma Pages for Tenant PeaksToPeople(6)
Could Not find Firma Page Type 'FeaturedProjectList'(26) in Firma Pages for Tenant PeaksToPeople(6)
Could Not find Firma Page Type 'CostParameterSet'(31) in Firma Pages for Tenant PeaksToPeople(6)
Could Not find Firma Page Type 'FullProjectListSimple'(33) in Firma Pages for Tenant PeaksToPeople(6)
Could Not find Firma Page Type 'Taxonomy'(34) in Firma Pages for Tenant PeaksToPeople(6)
Could Not find Firma Page Type 'TagList'(36) in Firma Pages for Tenant PeaksToPeople(6)
Could Not find Firma Page Type 'SpendingByPerformanceMeasureByProject'(37) in Firma Pages for Tenant PeaksToPeople(6)
Could Not find Firma Page Type 'Proposals'(38) in Firma Pages for Tenant PeaksToPeople(6)
Could Not find Firma Page Type 'MyOrganizationsProjects'(39) in Firma Pages for Tenant PeaksToPeople(6)
Could Not find Firma Page Type 'ManageUpdateNotifications'(41) in Firma Pages for Tenant PeaksToPeople(6)
Could Not find Firma Page Type 'ProposeProjectInstructions'(45) in Firma Pages for Tenant PeaksToPeople(6)
Could Not find Firma Page Type 'ProjectStewardOrganizationList'(46) in Firma Pages for Tenant PeaksToPeople(6)
Could Not find Firma Page Type 'EnterHistoricProjectInstructions'(47) in Firma Pages for Tenant PeaksToPeople(6)
Could Not find Firma Page Type 'PendingProjects'(48) in Firma Pages for Tenant PeaksToPeople(6)
Could Not find Firma Page Type 'Training'(49) in Firma Pages for Tenant PeaksToPeople(6)
Could Not find Firma Page Type 'ProjectCreateImportExternal'(50) in Firma Pages for Tenant PeaksToPeople(6)
Could Not find Firma Page Type 'CustomFooter'(51) in Firma Pages for Tenant PeaksToPeople(6)
Could Not find Firma Page Type 'ManageProjectCustomAttributeTypeInstructions'(52) in Firma Pages for Tenant PeaksToPeople(6)
Could Not find Firma Page Type 'ManageProjectCustomAttributeTypesList'(53) in Firma Pages for Tenant PeaksToPeople(6)
Could Not find Firma Page Type 'FactSheetCustomText'(54) in Firma Pages for Tenant PeaksToPeople(6)
Could Not find Firma Page Type 'UsersList'(55) in Firma Pages for Tenant PeaksToPeople(6)
Could Not find Firma Page Type 'HomePage'(1) in Firma Pages for Tenant JohnDayPartnership(7)
Could Not find Firma Page Type 'DemoScript'(4) in Firma Pages for Tenant JohnDayPartnership(7)
Could Not find Firma Page Type 'InternalSetupNotes'(5) in Firma Pages for Tenant JohnDayPartnership(7)
Could Not find Firma Page Type 'FullProjectList'(6) in Firma Pages for Tenant JohnDayPartnership(7)
Could Not find Firma Page Type 'PerformanceMeasuresList'(9) in Firma Pages for Tenant JohnDayPartnership(7)
Could Not find Firma Page Type 'TaxonomyLeafList'(11) in Firma Pages for Tenant JohnDayPartnership(7)
Could Not find Firma Page Type 'TaxonomyBranchList'(13) in Firma Pages for Tenant JohnDayPartnership(7)
Could Not find Firma Page Type 'TaxonomyTrunkList'(14) in Firma Pages for Tenant JohnDayPartnership(7)
Could Not find Firma Page Type 'FundingSourcesList'(15) in Firma Pages for Tenant JohnDayPartnership(7)
Could Not find Firma Page Type 'OrganizationsList'(16) in Firma Pages for Tenant JohnDayPartnership(7)
Could Not find Firma Page Type 'MyProjects'(18) in Firma Pages for Tenant JohnDayPartnership(7)
Could Not find Firma Page Type 'ProjectResults'(20) in Firma Pages for Tenant JohnDayPartnership(7)
Could Not find Firma Page Type 'ProjectMap'(22) in Firma Pages for Tenant JohnDayPartnership(7)
Could Not find Firma Page Type 'HomeMapInfo'(24) in Firma Pages for Tenant JohnDayPartnership(7)
Could Not find Firma Page Type 'HomeAdditionalInfo'(25) in Firma Pages for Tenant JohnDayPartnership(7)
Could Not find Firma Page Type 'FeaturedProjectList'(26) in Firma Pages for Tenant JohnDayPartnership(7)
Could Not find Firma Page Type 'CostParameterSet'(31) in Firma Pages for Tenant JohnDayPartnership(7)
Could Not find Firma Page Type 'FullProjectListSimple'(33) in Firma Pages for Tenant JohnDayPartnership(7)
Could Not find Firma Page Type 'Taxonomy'(34) in Firma Pages for Tenant JohnDayPartnership(7)
Could Not find Firma Page Type 'TagList'(36) in Firma Pages for Tenant JohnDayPartnership(7)
Could Not find Firma Page Type 'SpendingByPerformanceMeasureByProject'(37) in Firma Pages for Tenant JohnDayPartnership(7)
Could Not find Firma Page Type 'Proposals'(38) in Firma Pages for Tenant JohnDayPartnership(7)
Could Not find Firma Page Type 'MyOrganizationsProjects'(39) in Firma Pages for Tenant JohnDayPartnership(7)
Could Not find Firma Page Type 'ManageUpdateNotifications'(41) in Firma Pages for Tenant JohnDayPartnership(7)
Could Not find Firma Page Type 'ProposeProjectInstructions'(45) in Firma Pages for Tenant JohnDayPartnership(7)
Could Not find Firma Page Type 'ProjectStewardOrganizationList'(46) in Firma Pages for Tenant JohnDayPartnership(7)
Could Not find Firma Page Type 'EnterHistoricProjectInstructions'(47) in Firma Pages for Tenant JohnDayPartnership(7)
Could Not find Firma Page Type 'PendingProjects'(48) in Firma Pages for Tenant JohnDayPartnership(7)
Could Not find Firma Page Type 'Training'(49) in Firma Pages for Tenant JohnDayPartnership(7)
Could Not find Firma Page Type 'ProjectCreateImportExternal'(50) in Firma Pages for Tenant JohnDayPartnership(7)
Could Not find Firma Page Type 'CustomFooter'(51) in Firma Pages for Tenant JohnDayPartnership(7)
Could Not find Firma Page Type 'ManageProjectCustomAttributeTypeInstructions'(52) in Firma Pages for Tenant JohnDayPartnership(7)
Could Not find Firma Page Type 'ManageProjectCustomAttributeTypesList'(53) in Firma Pages for Tenant JohnDayPartnership(7)
Could Not find Firma Page Type 'FactSheetCustomText'(54) in Firma Pages for Tenant JohnDayPartnership(7)
Could Not find Firma Page Type 'UsersList'(55) in Firma Pages for Tenant JohnDayPartnership(7)
Could Not find Firma Page Type 'HomePage'(1) in Firma Pages for Tenant AshlandForestAllLandsRestorationInitiative(8)
Could Not find Firma Page Type 'DemoScript'(4) in Firma Pages for Tenant AshlandForestAllLandsRestorationInitiative(8)
Could Not find Firma Page Type 'InternalSetupNotes'(5) in Firma Pages for Tenant AshlandForestAllLandsRestorationInitiative(8)
Could Not find Firma Page Type 'FullProjectList'(6) in Firma Pages for Tenant AshlandForestAllLandsRestorationInitiative(8)
Could Not find Firma Page Type 'PerformanceMeasuresList'(9) in Firma Pages for Tenant AshlandForestAllLandsRestorationInitiative(8)
Could Not find Firma Page Type 'TaxonomyLeafList'(11) in Firma Pages for Tenant AshlandForestAllLandsRestorationInitiative(8)
Could Not find Firma Page Type 'TaxonomyBranchList'(13) in Firma Pages for Tenant AshlandForestAllLandsRestorationInitiative(8)
Could Not find Firma Page Type 'TaxonomyTrunkList'(14) in Firma Pages for Tenant AshlandForestAllLandsRestorationInitiative(8)
Could Not find Firma Page Type 'FundingSourcesList'(15) in Firma Pages for Tenant AshlandForestAllLandsRestorationInitiative(8)
Could Not find Firma Page Type 'OrganizationsList'(16) in Firma Pages for Tenant AshlandForestAllLandsRestorationInitiative(8)
Could Not find Firma Page Type 'MyProjects'(18) in Firma Pages for Tenant AshlandForestAllLandsRestorationInitiative(8)
Could Not find Firma Page Type 'ProjectResults'(20) in Firma Pages for Tenant AshlandForestAllLandsRestorationInitiative(8)
Could Not find Firma Page Type 'ProjectMap'(22) in Firma Pages for Tenant AshlandForestAllLandsRestorationInitiative(8)
Could Not find Firma Page Type 'HomeMapInfo'(24) in Firma Pages for Tenant AshlandForestAllLandsRestorationInitiative(8)
Could Not find Firma Page Type 'HomeAdditionalInfo'(25) in Firma Pages for Tenant AshlandForestAllLandsRestorationInitiative(8)
Could Not find Firma Page Type 'FeaturedProjectList'(26) in Firma Pages for Tenant AshlandForestAllLandsRestorationInitiative(8)
Could Not find Firma Page Type 'CostParameterSet'(31) in Firma Pages for Tenant AshlandForestAllLandsRestorationInitiative(8)
Could Not find Firma Page Type 'FullProjectListSimple'(33) in Firma Pages for Tenant AshlandForestAllLandsRestorationInitiative(8)
Could Not find Firma Page Type 'Taxonomy'(34) in Firma Pages for Tenant AshlandForestAllLandsRestorationInitiative(8)
Could Not find Firma Page Type 'TagList'(36) in Firma Pages for Tenant AshlandForestAllLandsRestorationInitiative(8)
Could Not find Firma Page Type 'SpendingByPerformanceMeasureByProject'(37) in Firma Pages for Tenant AshlandForestAllLandsRestorationInitiative(8)
Could Not find Firma Page Type 'Proposals'(38) in Firma Pages for Tenant AshlandForestAllLandsRestorationInitiative(8)
Could Not find Firma Page Type 'MyOrganizationsProjects'(39) in Firma Pages for Tenant AshlandForestAllLandsRestorationInitiative(8)
Could Not find Firma Page Type 'ManageUpdateNotifications'(41) in Firma Pages for Tenant AshlandForestAllLandsRestorationInitiative(8)
Could Not find Firma Page Type 'ProposeProjectInstructions'(45) in Firma Pages for Tenant AshlandForestAllLandsRestorationInitiative(8)
Could Not find Firma Page Type 'ProjectStewardOrganizationList'(46) in Firma Pages for Tenant AshlandForestAllLandsRestorationInitiative(8)
Could Not find Firma Page Type 'EnterHistoricProjectInstructions'(47) in Firma Pages for Tenant AshlandForestAllLandsRestorationInitiative(8)
Could Not find Firma Page Type 'PendingProjects'(48) in Firma Pages for Tenant AshlandForestAllLandsRestorationInitiative(8)
Could Not find Firma Page Type 'Training'(49) in Firma Pages for Tenant AshlandForestAllLandsRestorationInitiative(8)
Could Not find Firma Page Type 'ProjectCreateImportExternal'(50) in Firma Pages for Tenant AshlandForestAllLandsRestorationInitiative(8)
Could Not find Firma Page Type 'CustomFooter'(51) in Firma Pages for Tenant AshlandForestAllLandsRestorationInitiative(8)
Could Not find Firma Page Type 'ManageProjectCustomAttributeTypeInstructions'(52) in Firma Pages for Tenant AshlandForestAllLandsRestorationInitiative(8)
Could Not find Firma Page Type 'ManageProjectCustomAttributeTypesList'(53) in Firma Pages for Tenant AshlandForestAllLandsRestorationInitiative(8)
Could Not find Firma Page Type 'FactSheetCustomText'(54) in Firma Pages for Tenant AshlandForestAllLandsRestorationInitiative(8)
Could Not find Firma Page Type 'UsersList'(55) in Firma Pages for Tenant AshlandForestAllLandsRestorationInitiative(8)
Could Not find Firma Page Type 'HomePage'(1) in Firma Pages for Tenant IdahoAssociatonOfSoilConservationDistricts(9)
Could Not find Firma Page Type 'DemoScript'(4) in Firma Pages for Tenant IdahoAssociatonOfSoilConservationDistricts(9)
Could Not find Firma Page Type 'InternalSetupNotes'(5) in Firma Pages for Tenant IdahoAssociatonOfSoilConservationDistricts(9)
Could Not find Firma Page Type 'FullProjectList'(6) in Firma Pages for Tenant IdahoAssociatonOfSoilConservationDistricts(9)
Could Not find Firma Page Type 'PerformanceMeasuresList'(9) in Firma Pages for Tenant IdahoAssociatonOfSoilConservationDistricts(9)
Could Not find Firma Page Type 'TaxonomyLeafList'(11) in Firma Pages for Tenant IdahoAssociatonOfSoilConservationDistricts(9)
Could Not find Firma Page Type 'TaxonomyBranchList'(13) in Firma Pages for Tenant IdahoAssociatonOfSoilConservationDistricts(9)
Could Not find Firma Page Type 'TaxonomyTrunkList'(14) in Firma Pages for Tenant IdahoAssociatonOfSoilConservationDistricts(9)
Could Not find Firma Page Type 'FundingSourcesList'(15) in Firma Pages for Tenant IdahoAssociatonOfSoilConservationDistricts(9)
Could Not find Firma Page Type 'OrganizationsList'(16) in Firma Pages for Tenant IdahoAssociatonOfSoilConservationDistricts(9)
Could Not find Firma Page Type 'MyProjects'(18) in Firma Pages for Tenant IdahoAssociatonOfSoilConservationDistricts(9)
Could Not find Firma Page Type 'ProjectResults'(20) in Firma Pages for Tenant IdahoAssociatonOfSoilConservationDistricts(9)
Could Not find Firma Page Type 'ProjectMap'(22) in Firma Pages for Tenant IdahoAssociatonOfSoilConservationDistricts(9)
Could Not find Firma Page Type 'HomeMapInfo'(24) in Firma Pages for Tenant IdahoAssociatonOfSoilConservationDistricts(9)
Could Not find Firma Page Type 'HomeAdditionalInfo'(25) in Firma Pages for Tenant IdahoAssociatonOfSoilConservationDistricts(9)
Could Not find Firma Page Type 'FeaturedProjectList'(26) in Firma Pages for Tenant IdahoAssociatonOfSoilConservationDistricts(9)
Could Not find Firma Page Type 'CostParameterSet'(31) in Firma Pages for Tenant IdahoAssociatonOfSoilConservationDistricts(9)
Could Not find Firma Page Type 'FullProjectListSimple'(33) in Firma Pages for Tenant IdahoAssociatonOfSoilConservationDistricts(9)
Could Not find Firma Page Type 'Taxonomy'(34) in Firma Pages for Tenant IdahoAssociatonOfSoilConservationDistricts(9)
Could Not find Firma Page Type 'TagList'(36) in Firma Pages for Tenant IdahoAssociatonOfSoilConservationDistricts(9)
Could Not find Firma Page Type 'SpendingByPerformanceMeasureByProject'(37) in Firma Pages for Tenant IdahoAssociatonOfSoilConservationDistricts(9)
Could Not find Firma Page Type 'Proposals'(38) in Firma Pages for Tenant IdahoAssociatonOfSoilConservationDistricts(9)
Could Not find Firma Page Type 'MyOrganizationsProjects'(39) in Firma Pages for Tenant IdahoAssociatonOfSoilConservationDistricts(9)
Could Not find Firma Page Type 'ManageUpdateNotifications'(41) in Firma Pages for Tenant IdahoAssociatonOfSoilConservationDistricts(9)
Could Not find Firma Page Type 'ProposeProjectInstructions'(45) in Firma Pages for Tenant IdahoAssociatonOfSoilConservationDistricts(9)
Could Not find Firma Page Type 'ProjectStewardOrganizationList'(46) in Firma Pages for Tenant IdahoAssociatonOfSoilConservationDistricts(9)
Could Not find Firma Page Type 'EnterHistoricProjectInstructions'(47) in Firma Pages for Tenant IdahoAssociatonOfSoilConservationDistricts(9)
Could Not find Firma Page Type 'PendingProjects'(48) in Firma Pages for Tenant IdahoAssociatonOfSoilConservationDistricts(9)
Could Not find Firma Page Type 'Training'(49) in Firma Pages for Tenant IdahoAssociatonOfSoilConservationDistricts(9)
Could Not find Firma Page Type 'ProjectCreateImportExternal'(50) in Firma Pages for Tenant IdahoAssociatonOfSoilConservationDistricts(9)
Could Not find Firma Page Type 'CustomFooter'(51) in Firma Pages for Tenant IdahoAssociatonOfSoilConservationDistricts(9)
Could Not find Firma Page Type 'ManageProjectCustomAttributeTypeInstructions'(52) in Firma Pages for Tenant IdahoAssociatonOfSoilConservationDistricts(9)
Could Not find Firma Page Type 'ManageProjectCustomAttributeTypesList'(53) in Firma Pages for Tenant IdahoAssociatonOfSoilConservationDistricts(9)
Could Not find Firma Page Type 'FactSheetCustomText'(54) in Firma Pages for Tenant IdahoAssociatonOfSoilConservationDistricts(9)
Could Not find Firma Page Type 'UsersList'(55) in Firma Pages for Tenant IdahoAssociatonOfSoilConservationDistricts(9)
Could Not find Firma Page Type 'HomePage'(1) in Firma Pages for Tenant ActionAgendaForPugetSound(11)
Could Not find Firma Page Type 'DemoScript'(4) in Firma Pages for Tenant ActionAgendaForPugetSound(11)
Could Not find Firma Page Type 'InternalSetupNotes'(5) in Firma Pages for Tenant ActionAgendaForPugetSound(11)
Could Not find Firma Page Type 'FullProjectList'(6) in Firma Pages for Tenant ActionAgendaForPugetSound(11)
Could Not find Firma Page Type 'PerformanceMeasuresList'(9) in Firma Pages for Tenant ActionAgendaForPugetSound(11)
Could Not find Firma Page Type 'TaxonomyLeafList'(11) in Firma Pages for Tenant ActionAgendaForPugetSound(11)
Could Not find Firma Page Type 'TaxonomyBranchList'(13) in Firma Pages for Tenant ActionAgendaForPugetSound(11)
Could Not find Firma Page Type 'TaxonomyTrunkList'(14) in Firma Pages for Tenant ActionAgendaForPugetSound(11)
Could Not find Firma Page Type 'FundingSourcesList'(15) in Firma Pages for Tenant ActionAgendaForPugetSound(11)
Could Not find Firma Page Type 'OrganizationsList'(16) in Firma Pages for Tenant ActionAgendaForPugetSound(11)
Could Not find Firma Page Type 'MyProjects'(18) in Firma Pages for Tenant ActionAgendaForPugetSound(11)
Could Not find Firma Page Type 'ProjectResults'(20) in Firma Pages for Tenant ActionAgendaForPugetSound(11)
Could Not find Firma Page Type 'ProjectMap'(22) in Firma Pages for Tenant ActionAgendaForPugetSound(11)
Could Not find Firma Page Type 'HomeMapInfo'(24) in Firma Pages for Tenant ActionAgendaForPugetSound(11)
Could Not find Firma Page Type 'HomeAdditionalInfo'(25) in Firma Pages for Tenant ActionAgendaForPugetSound(11)
Could Not find Firma Page Type 'FeaturedProjectList'(26) in Firma Pages for Tenant ActionAgendaForPugetSound(11)
Could Not find Firma Page Type 'CostParameterSet'(31) in Firma Pages for Tenant ActionAgendaForPugetSound(11)
Could Not find Firma Page Type 'FullProjectListSimple'(33) in Firma Pages for Tenant ActionAgendaForPugetSound(11)
Could Not find Firma Page Type 'Taxonomy'(34) in Firma Pages for Tenant ActionAgendaForPugetSound(11)
Could Not find Firma Page Type 'TagList'(36) in Firma Pages for Tenant ActionAgendaForPugetSound(11)
Could Not find Firma Page Type 'SpendingByPerformanceMeasureByProject'(37) in Firma Pages for Tenant ActionAgendaForPugetSound(11)
Could Not find Firma Page Type 'Proposals'(38) in Firma Pages for Tenant ActionAgendaForPugetSound(11)
Could Not find Firma Page Type 'MyOrganizationsProjects'(39) in Firma Pages for Tenant ActionAgendaForPugetSound(11)
Could Not find Firma Page Type 'ManageUpdateNotifications'(41) in Firma Pages for Tenant ActionAgendaForPugetSound(11)
Could Not find Firma Page Type 'ProposeProjectInstructions'(45) in Firma Pages for Tenant ActionAgendaForPugetSound(11)
Could Not find Firma Page Type 'ProjectStewardOrganizationList'(46) in Firma Pages for Tenant ActionAgendaForPugetSound(11)
Could Not find Firma Page Type 'EnterHistoricProjectInstructions'(47) in Firma Pages for Tenant ActionAgendaForPugetSound(11)
Could Not find Firma Page Type 'PendingProjects'(48) in Firma Pages for Tenant ActionAgendaForPugetSound(11)
Could Not find Firma Page Type 'Training'(49) in Firma Pages for Tenant ActionAgendaForPugetSound(11)
Could Not find Firma Page Type 'ProjectCreateImportExternal'(50) in Firma Pages for Tenant ActionAgendaForPugetSound(11)
Could Not find Firma Page Type 'CustomFooter'(51) in Firma Pages for Tenant ActionAgendaForPugetSound(11)
Could Not find Firma Page Type 'ManageProjectCustomAttributeTypeInstructions'(52) in Firma Pages for Tenant ActionAgendaForPugetSound(11)
Could Not find Firma Page Type 'ManageProjectCustomAttributeTypesList'(53) in Firma Pages for Tenant ActionAgendaForPugetSound(11)
Could Not find Firma Page Type 'FactSheetCustomText'(54) in Firma Pages for Tenant ActionAgendaForPugetSound(11)
Could Not find Firma Page Type 'UsersList'(55) in Firma Pages for Tenant ActionAgendaForPugetSound(11)
Could Not find Firma Page Type 'HomePage'(1) in Firma Pages for Tenant BureauOfReclamation(12)
Could Not find Firma Page Type 'DemoScript'(4) in Firma Pages for Tenant BureauOfReclamation(12)
Could Not find Firma Page Type 'InternalSetupNotes'(5) in Firma Pages for Tenant BureauOfReclamation(12)
Could Not find Firma Page Type 'FullProjectList'(6) in Firma Pages for Tenant BureauOfReclamation(12)
Could Not find Firma Page Type 'PerformanceMeasuresList'(9) in Firma Pages for Tenant BureauOfReclamation(12)
Could Not find Firma Page Type 'TaxonomyLeafList'(11) in Firma Pages for Tenant BureauOfReclamation(12)
Could Not find Firma Page Type 'TaxonomyBranchList'(13) in Firma Pages for Tenant BureauOfReclamation(12)
Could Not find Firma Page Type 'TaxonomyTrunkList'(14) in Firma Pages for Tenant BureauOfReclamation(12)
Could Not find Firma Page Type 'FundingSourcesList'(15) in Firma Pages for Tenant BureauOfReclamation(12)
Could Not find Firma Page Type 'OrganizationsList'(16) in Firma Pages for Tenant BureauOfReclamation(12)
Could Not find Firma Page Type 'MyProjects'(18) in Firma Pages for Tenant BureauOfReclamation(12)
Could Not find Firma Page Type 'ProjectResults'(20) in Firma Pages for Tenant BureauOfReclamation(12)
Could Not find Firma Page Type 'ProjectMap'(22) in Firma Pages for Tenant BureauOfReclamation(12)
Could Not find Firma Page Type 'HomeMapInfo'(24) in Firma Pages for Tenant BureauOfReclamation(12)
Could Not find Firma Page Type 'HomeAdditionalInfo'(25) in Firma Pages for Tenant BureauOfReclamation(12)
Could Not find Firma Page Type 'FeaturedProjectList'(26) in Firma Pages for Tenant BureauOfReclamation(12)
Could Not find Firma Page Type 'CostParameterSet'(31) in Firma Pages for Tenant BureauOfReclamation(12)
Could Not find Firma Page Type 'FullProjectListSimple'(33) in Firma Pages for Tenant BureauOfReclamation(12)
Could Not find Firma Page Type 'Taxonomy'(34) in Firma Pages for Tenant BureauOfReclamation(12)
Could Not find Firma Page Type 'TagList'(36) in Firma Pages for Tenant BureauOfReclamation(12)
Could Not find Firma Page Type 'SpendingByPerformanceMeasureByProject'(37) in Firma Pages for Tenant BureauOfReclamation(12)
Could Not find Firma Page Type 'Proposals'(38) in Firma Pages for Tenant BureauOfReclamation(12)
Could Not find Firma Page Type 'MyOrganizationsProjects'(39) in Firma Pages for Tenant BureauOfReclamation(12)
Could Not find Firma Page Type 'ManageUpdateNotifications'(41) in Firma Pages for Tenant BureauOfReclamation(12)
Could Not find Firma Page Type 'ProposeProjectInstructions'(45) in Firma Pages for Tenant BureauOfReclamation(12)
Could Not find Firma Page Type 'ProjectStewardOrganizationList'(46) in Firma Pages for Tenant BureauOfReclamation(12)
Could Not find Firma Page Type 'EnterHistoricProjectInstructions'(47) in Firma Pages for Tenant BureauOfReclamation(12)
Could Not find Firma Page Type 'PendingProjects'(48) in Firma Pages for Tenant BureauOfReclamation(12)
Could Not find Firma Page Type 'Training'(49) in Firma Pages for Tenant BureauOfReclamation(12)
Could Not find Firma Page Type 'ProjectCreateImportExternal'(50) in Firma Pages for Tenant BureauOfReclamation(12)
Could Not find Firma Page Type 'CustomFooter'(51) in Firma Pages for Tenant BureauOfReclamation(12)
Could Not find Firma Page Type 'ManageProjectCustomAttributeTypeInstructions'(52) in Firma Pages for Tenant BureauOfReclamation(12)
Could Not find Firma Page Type 'ManageProjectCustomAttributeTypesList'(53) in Firma Pages for Tenant BureauOfReclamation(12)
Could Not find Firma Page Type 'FactSheetCustomText'(54) in Firma Pages for Tenant BureauOfReclamation(12)
Could Not find Firma Page Type 'UsersList'(55) in Firma Pages for Tenant BureauOfReclamation(12)
