{
  "ProjectLocationFilterType": {
    "ProjectLocationFilterTypeID": 5,
    "ProjectLocationFilterTypeName": "ProjectStage",
    "ProjectLocationFilterTypeNameWithIdentifier": "ProjectStageID",
    "ProjectLocationFilterTypeDisplayName": "Project Stage",
    "SortOrder": 50,
    "DisplayGroup": 3,
    "PrimaryKey": 5,
    "ToEnum": 5
  },
  "ProjectColorByType": {
    "ProjectColorByTypeID": 2,
    "ProjectColorByTypeName": "ProjectStage",
    "ProjectColorByTypeNameWithIdentifier": "ProjectStageID",
    "ProjectColorByTypeDisplayName": "Stage",
    "SortOrder": 40,
    "PrimaryKey": 2,
    "ToEnum": 2
  },
  "FilterPropertyValues": [
    2,
    3,
    4
  ],
  "FilterPropertyName": "ProjectStageID",
  "ColorByPropertyName": "ProjectStageID"
}